---
source: src/graphql_tests.rs
expression: response
---
{
  "data": {
    "posts": [
      {
        "body": "hkumziy xyc owaimk hqaez vtdqs bbsvh xqs xqcfp foffuu ihpkjso ovzi vtqn ieutoqc",
        "id": "fuHbq",
        "title": "gaj peuk yuw vhrun euun zhprxx xytwg",
        "user": {
          "email": "iohdt@isgh.int",
          "id": 4,
          "name": "Christopher Davis"
        }
      },
      {
        "body": "htevf dxbdx nctl maxh sqkeugt nqxzcdg",
        "id": "UvdeP",
        "title": "atwtxz zbpg ipewla vldqvv chsqri sdikmts lpup ekri",
        "user": {
          "email": "zkyo@gvegm.cn",
          "id": 3,
          "name": "Richard Lopez"
        }
      },
      {
        "body": "iyr znw dugl lajnl akmrvgc",
        "id": "ryAwK",
        "title": "pggij otg uwffzvu uxef eql toa bxsghi",
        "user": {
          "email": "zkyo@gvegm.cn",
          "id": 3,
          "name": "Richard Lopez"
        }
      },
      {
        "body": "ebzqp oahaymy fphelfv tbmgipg foxkexr rxlawnh zndb",
        "id": "vdV6M",
        "title": "balmi xykkkga qndf qoyhh aoxc",
        "user": {
          "email": "zpml@pqix.org",
          "id": 6,
          "name": "Daniel Young"
        }
      },
      {
        "body": "qnfjjan omh wmsj cmopvfc tck ran grsp nojivbq",
        "id": "tQGkH",
        "title": "ihp sfoky cpwm xifcj ofypa",
        "user": {
          "email": "yhrz@oqxai.mil",
          "id": 1,
          "name": "Michael Martinez"
        }
      },
      {
        "body": "yfg agtczr wrfr qsbwles trbdss oemy cbravy uzg bik nkckiaa nqkla uayqc",
        "id": "2VU7I",
        "title": "xex lstryah eep bhrndh gelxmp vjkz jar",
        "user": {
          "email": "nnkd@doxmj.com",
          "id": 2,
          "name": "William Rodriguez"
        }
      },
      {
        "body": "ndhpq niw srpx gwsh zvw cpjrrhq yfc xjf wufpfdx kixq hlzeda agjzb zzcjex ymanid bekhc",
        "id": "KwLQL",
        "title": "debq qpju dvbsqpa faahaf cpfxfy ddyowd asec",
        "user": {
          "email": "xzuc@nwzcz.edu",
          "id": 9,
          "name": "Helen Clark"
        }
      },
      {
        "body": "vcsypc wftchiz oth jxsbspk jnjuzev vopxfsp aihdt vymswb nblb bcs snt wbq rdyhdc",
        "id": "BGsyE",
        "title": "mcpug dewi zgbal dgbadpj xcdwmls",
        "user": {
          "email": "nnkd@doxmj.com",
          "id": 2,
          "name": "William Rodriguez"
        }
      },
      {
        "body": "ptgylza ltzub mved uztpjhq uqvmw tad ens lrl zbvgbrt",
        "id": "dt0aP",
        "title": "qxsyiiw vmbak usgz ekfbzl mkfcbv",
        "user": {
          "email": "zkyo@gvegm.cn",
          "id": 3,
          "name": "Richard Lopez"
        }
      },
      {
        "body": "nruxg imb ktmey mysa ijazejm tulxij lglbznb euz jbgtw zivjoxe bsktdsg kywoa dpubt mjeius aryds",
        "id": "PgpoA",
        "title": "ffa grjgeb hhz wqyu xxree gqtxsss luziykb",
        "user": {
          "email": "xzuc@nwzcz.edu",
          "id": 9,
          "name": "Helen Clark"
        }
      },
      {
        "body": "jgjm kczgmot moxlf rderrm ognh oqlltt tqmylj arfhjao",
        "id": "81X0g",
        "title": "vwwjhz hvzlwpe noiiad vmtnrfu yvn qkm vmu",
        "user": {
          "email": "zpml@pqix.org",
          "id": 6,
          "name": "Daniel Young"
        }
      },
      {
        "body": "ekz wrhfj wollayy grpbmx bxyvdiw wzri bgraamw zxrdrm twxxn kubml meymn rufenz pbtso",
        "id": "k7zHO",
        "title": "dltps ryv fifsta tnslz islg",
        "user": {
          "email": "bdpjm@ugja.net",
          "id": 5,
          "name": "John Clark"
        }
      },
      {
        "body": "adi wmpzqb akjz dsgdwuq",
        "id": "F5RO9",
        "title": "tyqbtlg nugr rjjbcja xyaag gahbpks bwuom knertw phqhkz",
        "user": {
          "email": "zpml@pqix.org",
          "id": 6,
          "name": "Daniel Young"
        }
      },
      {
        "body": "zorrrua wyzp ythtn fghyq lwzjna modmc mrdkx kchvx",
        "id": "OAB1b",
        "title": "qoeaj zpry flsuhra jhwfkcn nrdh crjniwg hijpiw ndkmwz",
        "user": {
          "email": "zkyo@gvegm.cn",
          "id": 3,
          "name": "Richard Lopez"
        }
      },
      {
        "body": "avtck bgsxdhd svju dpsb jtrfmo gkd yebgfk rpjroek fsycewq rvahqha xtpcfzw",
        "id": "piGKp",
        "title": "jqrygw vljsz kyzrg vrcla gdi",
        "user": {
          "email": "atay@zuwcp.int",
          "id": 8,
          "name": "Amy Garcia"
        }
      },
      {
        "body": "umsggta xjuhx igpua bwz kizn iibxqo",
        "id": "IqANT",
        "title": "jbs owkrzca iihkwww vvguj bkr sbkje",
        "user": {
          "email": "iohdt@isgh.int",
          "id": 4,
          "name": "Christopher Davis"
        }
      },
      {
        "body": "qlylgim mugbfw pntv avsb gdds zjcibu xbogkb hcp anfge ttun rrs hlnyqcf",
        "id": "vgtAb",
        "title": "zew tpmmm avuiqah zrgfzn ltlb wnm opu",
        "user": {
          "email": "iohdt@isgh.int",
          "id": 4,
          "name": "Christopher Davis"
        }
      },
      {
        "body": "ydn ealchun kheb jcl kydgb myhgx gvjmmch jdg yxxlsee exwxgka zbjmwm gxqpnvu jcdsodt crxfy",
        "id": "la8Vs",
        "title": "ohryfs onzktqs qdqgsrf ozprun gitnt uhz kpyciof",
        "user": {
          "email": "zpml@pqix.org",
          "id": 6,
          "name": "Daniel Young"
        }
      },
      {
        "body": "ytwuknz ymkzrt uceekxn uyxfz vdyahsy srbnpj qfpg zug cfcss",
        "id": "cnQf7",
        "title": "boupmv ronxkfk wwchahs mntmh ygqtt kjf ddjxpi",
        "user": {
          "email": "xzuc@nwzcz.edu",
          "id": 9,
          "name": "Helen Clark"
        }
      },
      {
        "body": "zdbjjxc ujulmf amv feaihv zjqeftv azwalf wtwbpr iijeace phhm ryz exkfjn pxbm djctbsp gdmpd",
        "id": "wsJU8",
        "title": "hagn fbrvrs jyyg kqm qurd hpd qiwheor",
        "user": {
          "email": "zpml@pqix.org",
          "id": 6,
          "name": "Daniel Young"
        }
      },
      {
        "body": "gtup xypv lwk ukxh okkj bkohi mbpv kvw uxdfzf lfvruu pmqs fdva sba ouhn",
        "id": "UYhRW",
        "title": "viivhak ygpcd zdokn kfpexxi dnoh oll",
        "user": {
          "email": "bdpjm@ugja.net",
          "id": 5,
          "name": "John Clark"
        }
      },
      {
        "body": "lfmoiqy yrizk mgl senml xkvg einaq jshdm cgyl ppfcs huehk vipv hpoxwn llxl zzcxaid",
        "id": "Vs3Xc",
        "title": "kopdfd yvxzzg ehvo pqjc vuvais hbswt",
        "user": {
          "email": "atay@zuwcp.int",
          "id": 8,
          "name": "Amy Garcia"
        }
      },
      {
        "body": "ghgvcc zzsuben mknclk qaio rtdfpfw fig ibrtss",
        "id": "IGHq4",
        "title": "qkmw cjrtff mpdvikg caqls ozemdc qwb nduvtsb yik",
        "user": {
          "email": "jxfrf@xotnh.net",
          "id": 7,
          "name": "Karen Clark"
        }
      },
      {
        "body": "tjkcqf dfnhdmz pkyep olknfda tlsbsv otmcgsz epac",
        "id": "ZuGmh",
        "title": "yembpj sha gaob obgjqk vsj vqx ijwqf xopkz",
        "user": {
          "email": "jxfrf@xotnh.net",
          "id": 7,
          "name": "Karen Clark"
        }
      },
      {
        "body": "uvfiaqb ettia yme ybdhdu cudzjeb lysb fatrx kjdqrc aqlhxjq pwv trxiw gbw",
        "id": "cYkGC",
        "title": "cxyzdl scr rzlb zhexx uzrdwxk yfsmky osywqxp ntaio",
        "user": {
          "email": "zpml@pqix.org",
          "id": 6,
          "name": "Daniel Young"
        }
      },
      {
        "body": "xfcjnj euf rmi fxlhc niypbve enrv sofqwss wigcylt icv qtm ybnxja xthhxz plb",
        "id": "3tdd0",
        "title": "zjetc zbgkxk gnlszzp plvff mvsglh epfll",
        "user": {
          "email": "zpml@pqix.org",
          "id": 6,
          "name": "Daniel Young"
        }
      },
      {
        "body": "skunx gwh iryidpb rqvn qri xaiwqz ihk rgyol",
        "id": "bbQNa",
        "title": "qcmni zhf urgxyq omsaclj iqvd fltrp",
        "user": {
          "email": "zpml@pqix.org",
          "id": 6,
          "name": "Daniel Young"
        }
      },
      {
        "body": "cpo iuo yinbrdr qyb upsiwg uqhqt dniwu fst fkpstyn xzokoc ywdnrh qbwvwpd tsuk ixnrd qdhltl",
        "id": "t9Hiz",
        "title": "mwanx hxzgnam idkas kumkk tzy qiels wjry",
        "user": {
          "email": "zkyo@gvegm.cn",
          "id": 3,
          "name": "Richard Lopez"
        }
      },
      {
        "body": "dtndj amuqcae mzl mud oylu gsygabd rak",
        "id": "PwYgu",
        "title": "irrod siefi bays fzq lldi",
        "user": {
          "email": "zkyo@gvegm.cn",
          "id": 3,
          "name": "Richard Lopez"
        }
      },
      {
        "body": "mohe hlmiylv kzeyl eywlh lndpgz svgelez kcyq wkejkg imw xzhgisy kyrkvht usy rfb zdy",
        "id": "eN8Fj",
        "title": "hbkvfzg fnldq qvjoue urg lfxew",
        "user": {
          "email": "jxfrf@xotnh.net",
          "id": 7,
          "name": "Karen Clark"
        }
      },
      {
        "body": "dtqqn ngf jmcchm ynh imojhd wsq tbja marvl wjbgxz yhyau oercjep",
        "id": "uoJPo",
        "title": "qvgtnzs txcx hocyvp txlf nyc",
        "user": {
          "email": "zpml@pqix.org",
          "id": 6,
          "name": "Daniel Young"
        }
      },
      {
        "body": "wkxt jki wzcyvmq hshwf iij drgxu zstng caw shs rlg ixqafih olhgq vjlzvg qoxpy fndbia",
        "id": "0d8AN",
        "title": "fgnj ioy niv ojxcvj iegr yyeofaz kgobey",
        "user": {
          "email": "zkyo@gvegm.cn",
          "id": 3,
          "name": "Richard Lopez"
        }
      },
      {
        "body": "tgp mia kaldicb cecklr ajha exlqch rumo aarwvy djcqhc gtyla gnklpki axl",
        "id": "RXrNj",
        "title": "vwaqvzz ohrxqn cagp pis guj cvvlv",
        "user": {
          "email": "zpml@pqix.org",
          "id": 6,
          "name": "Daniel Young"
        }
      },
      {
        "body": "kbk fhom eixpq lofhf tjw qoe gfsbeht exhyc jzk hmwt knyod zhww bjgga cffds",
        "id": "KA2g2",
        "title": "csur vapvsw osiiuh tzujn aoifcj qkd",
        "user": {
          "email": "zkyo@gvegm.cn",
          "id": 3,
          "name": "Richard Lopez"
        }
      },
      {
        "body": "aztxrfp fjeiw vkru bkl llkudtg dti pdnpy wfurqxi zjjv jvfn bzu leizdaw nozglx pnlsbl",
        "id": "3GPV2",
        "title": "teuntnu jcj znzcbg lbdnz spzccuu qedlbie kcrxk",
        "user": {
          "email": "bdpjm@ugja.net",
          "id": 5,
          "name": "John Clark"
        }
      },
      {
        "body": "gfl yaisdy qfwwnvl yzkzfdw ennq tvlaur rzaa",
        "id": "JhKwr",
        "title": "wiwqft fwcpuy kajnkd vilwmh kbqa mwqqzae lkxcj wbrn",
        "user": {
          "email": "yhrz@oqxai.mil",
          "id": 1,
          "name": "Michael Martinez"
        }
      },
      {
        "body": "nfhg kpca bbbvssy agqwfrn ufsy zuev jiai yzja lobmy",
        "id": "oVHse",
        "title": "ennzbkn yrgoev yxp ecusvzb vrlkz",
        "user": {
          "email": "iohdt@isgh.int",
          "id": 4,
          "name": "Christopher Davis"
        }
      },
      {
        "body": "bbij njgqv kkii sjne spwalq hdlp ayghybu zzzihy ajrvydt",
        "id": "iioYg",
        "title": "glzcuvw eaouafc nrcyk eztjz hjox vfd ilf jxfreh",
        "user": {
          "email": "atay@zuwcp.int",
          "id": 8,
          "name": "Amy Garcia"
        }
      },
      {
        "body": "lwthrw cqxw yujx tkkodd fvbg",
        "id": "0y5T4",
        "title": "gtw yrrg mafuhud thl yccfc pwuaz ypgr kzzrz",
        "user": {
          "email": "yhrz@oqxai.mil",
          "id": 1,
          "name": "Michael Martinez"
        }
      },
      {
        "body": "avayd tpjt vbydjbr gpx ptprb selhi kkf dchxdq htft gccwpr eeynoc cwkrrg jtezyzc bdcwkq zahz",
        "id": "zDL5w",
        "title": "qmivzy zqnjh erviq yrio uenhlt kivuql",
        "user": {
          "email": "iohdt@isgh.int",
          "id": 4,
          "name": "Christopher Davis"
        }
      },
      {
        "body": "hqrhqa mtblf jvdn xmxfs",
        "id": "vFL3B",
        "title": "ymch zivug aeni pun ndsihz glgdfs",
        "user": {
          "email": "nnkd@doxmj.com",
          "id": 2,
          "name": "William Rodriguez"
        }
      },
      {
        "body": "lnfaz enzr ygp gus czzer vkjzl pofisgb dxfbq fnuxp dlc jdllru",
        "id": "pYDVo",
        "title": "frtm fro yjgjc zkny hrjmgmq vwtzqp yeq godz",
        "user": {
          "email": "zkyo@gvegm.cn",
          "id": 3,
          "name": "Richard Lopez"
        }
      },
      {
        "body": "rxk iato cwwrg kbu qqjk hhd imvmzvn cykg kphv xsqp",
        "id": "MDq34",
        "title": "xbgfiv srr anc gxcv yapdxj",
        "user": {
          "email": "zpml@pqix.org",
          "id": 6,
          "name": "Daniel Young"
        }
      },
      {
        "body": "gna iejmcd lgrh yistbw mosk jbnw scb dzec uxv fmgpmhj",
        "id": "RShIi",
        "title": "ceplx neetyo hsgr wnut qksdcy ytkwcez zhe pspzpvo",
        "user": {
          "email": "bdpjm@ugja.net",
          "id": 5,
          "name": "John Clark"
        }
      },
      {
        "body": "hmwgm pyuhhsn blbuidc nsmdd zlxo uvahz",
        "id": "p4CUf",
        "title": "klisfhi yojrtqn lutfcv rwn zmfc wrc bgjes",
        "user": {
          "email": "jxfrf@xotnh.net",
          "id": 7,
          "name": "Karen Clark"
        }
      },
      {
        "body": "hhlur ojnsx ojiej jbji dpwwixt uxjk oylc crfbtg gcl axltdr",
        "id": "MRDBa",
        "title": "qpm npxaxh kxusb eufwbo zyffi jeoj",
        "user": {
          "email": "yhrz@oqxai.mil",
          "id": 1,
          "name": "Michael Martinez"
        }
      },
      {
        "body": "mqxpoq bqqp fbwizq lxphnt oenc yxbij ohai rne kggujhq",
        "id": "1OzGh",
        "title": "longqm aaiotw vkay wvb wwkxols",
        "user": {
          "email": "zkyo@gvegm.cn",
          "id": 3,
          "name": "Richard Lopez"
        }
      },
      {
        "body": "zqs thh piztvcs vos rgqx hxrpz toel qjgkuui feq eoigsn kzm btlcp",
        "id": "D5pFz",
        "title": "xbpwiz xtdgo elh hgbbgma iowp",
        "user": {
          "email": "zkyo@gvegm.cn",
          "id": 3,
          "name": "Richard Lopez"
        }
      },
      {
        "body": "aavumio bjewfe iwfk bfwt cfzx cce iae",
        "id": "G37KR",
        "title": "kralft ruhdn oak llosdi fglhn hyhrk",
        "user": {
          "email": "nnkd@doxmj.com",
          "id": 2,
          "name": "William Rodriguez"
        }
      },
      {
        "body": "jhxpb hmco hpivqs otcebf hxzhel phyfuhr xmzcvd eawh qgfa ufko xsgcz ypcbvz bqjys",
        "id": "wa3qt",
        "title": "sqgjd obe trtcghq vkhfrn uoswkpv ybfbo egwvdwy beax",
        "user": {
          "email": "bdpjm@ugja.net",
          "id": 5,
          "name": "John Clark"
        }
      },
      {
        "body": "kpokj tyeduhz jgexwp yvookm",
        "id": "mYLyN",
        "title": "squv ermz gaxcoa gunfuc xzmfl fvavze",
        "user": {
          "email": "jxfrf@xotnh.net",
          "id": 7,
          "name": "Karen Clark"
        }
      },
      {
        "body": "pnmnuiw eoqb ofexk jygt lmsb dlgp btqut slgo jjjqt bruh",
        "id": "4SkgB",
        "title": "mbjypgh udmzdrt yqxyp kqb agy emqsk",
        "user": {
          "email": "nnkd@doxmj.com",
          "id": 2,
          "name": "William Rodriguez"
        }
      },
      {
        "body": "cpevc nurn oqto ibnic wworck zoqz chz zfptay qmokb gmc chpci brfcupe imtc",
        "id": "7oAZS",
        "title": "fxpovp zjfunh eoem shc xzc",
        "user": {
          "email": "nnkd@doxmj.com",
          "id": 2,
          "name": "William Rodriguez"
        }
      },
      {
        "body": "oktlqy ttguq imtvt olp ovlqsv ctw sxcudb bcdspq qfokv hkvs oawccfm",
        "id": "pPy7P",
        "title": "yidpyma ohpms frlxhn pcpfsdp qblzuu gkasr ffwwxj",
        "user": {
          "email": "atay@zuwcp.int",
          "id": 8,
          "name": "Amy Garcia"
        }
      },
      {
        "body": "zflzjoh ahoe zvfkly gczxpb eewbt krmlxad rew xcwguti",
        "id": "cMTiC",
        "title": "epwyf lmyt vjvmm lmodrn ovje gonlr lecgx",
        "user": {
          "email": "bdpjm@ugja.net",
          "id": 5,
          "name": "John Clark"
        }
      },
      {
        "body": "csrx gft kebrbly tzblzet jblldg gyvcah uttqzb eqkunnr plokni",
        "id": "jPoq2",
        "title": "ydr kai bxnado kbgq ebrscf xlouwi",
        "user": {
          "email": "xzuc@nwzcz.edu",
          "id": 9,
          "name": "Helen Clark"
        }
      },
      {
        "body": "aom iem exhcm agjwc srq ebep mftnfzi vbdktwo egnsngx bfgx",
        "id": "WXolp",
        "title": "qtujv rii hola ylhkzoh eyuu",
        "user": {
          "email": "atay@zuwcp.int",
          "id": 8,
          "name": "Amy Garcia"
        }
      },
      {
        "body": "qvo pqz rcwwvyb zyzhqb dca xhz",
        "id": "BruBK",
        "title": "qrjdn nnkssq wklfbb siyu jhe wdflcmj aoshgry",
        "user": {
          "email": "atay@zuwcp.int",
          "id": 8,
          "name": "Amy Garcia"
        }
      },
      {
        "body": "amd wqglxk wtck wrff kiewn uci uddcjnd tcg xkjxpvm utxivu",
        "id": "pn7XD",
        "title": "yzjxyn xfptjvj yfhvco vxihp tnln zaooxha",
        "user": {
          "email": "zkyo@gvegm.cn",
          "id": 3,
          "name": "Richard Lopez"
        }
      },
      {
        "body": "rcyldjh ffncx hke bkv csvwyr nhoh nnkesp ftbfua",
        "id": "2KjVH",
        "title": "wpiy ysn mxfn fnlb yjtz lyix eaabv",
        "user": {
          "email": "jxfrf@xotnh.net",
          "id": 7,
          "name": "Karen Clark"
        }
      },
      {
        "body": "ekkoajo qmy jmkek alwv zkl oexiec kbck zbkvpa yrtg hyg duq kaeyi kzfy yoi",
        "id": "Atusr",
        "title": "zwom phcbo ifxxgla nuhr ite pzyxuq org",
        "user": {
          "email": "zkyo@gvegm.cn",
          "id": 3,
          "name": "Richard Lopez"
        }
      },
      {
        "body": "aweshl uahoek jora jvaq yzsm jgmwrb udicp jcjssm ckdpu onh gdwbwcq dxo lwrc",
        "id": "VFYR9",
        "title": "ifuk ynue fbmiey fhsbzbh lyktgvw dpjmh camg",
        "user": {
          "email": "iohdt@isgh.int",
          "id": 4,
          "name": "Christopher Davis"
        }
      },
      {
        "body": "nkqyx thj jbgll hfqyi",
        "id": "39dJ2",
        "title": "efqs nxweet tadh dkxbx szpyrkj bdi",
        "user": {
          "email": "iohdt@isgh.int",
          "id": 4,
          "name": "Christopher Davis"
        }
      },
      {
        "body": "htq gzsblh ncudt pbmoytt fgnxni cpf gvihlrc fgwiik tcl pnfnmcz ivcztf xgrkwa",
        "id": "tyA31",
        "title": "guod tkk hjvz kxv dhjkc daijvnl",
        "user": {
          "email": "yhrz@oqxai.mil",
          "id": 1,
          "name": "Michael Martinez"
        }
      },
      {
        "body": "hilcyke btypj rohxw etd eoytiqv",
        "id": "EsA21",
        "title": "ctkhy hwstwn ohihivz qidvu ycwlko yed kid",
        "user": {
          "email": "zkyo@gvegm.cn",
          "id": 3,
          "name": "Richard Lopez"
        }
      },
      {
        "body": "awtee pyvhvw kri xveil ood cxu kmrkgi wmazf bkn dcty",
        "id": "4VXmJ",
        "title": "wwgbzdu arlg lbeg tydbdlp zkxlb",
        "user": {
          "email": "zkyo@gvegm.cn",
          "id": 3,
          "name": "Richard Lopez"
        }
      },
      {
        "body": "mvase yopbdv rvrse gvyrq kda cdxlqi dylmmfi xysfxz gnsra xgawcqw cev kmlbni wbmd ipg",
        "id": "IqRvM",
        "title": "mlyznz poea vppxdt tpdtiic ixendao myjkjt",
        "user": {
          "email": "nnkd@doxmj.com",
          "id": 2,
          "name": "William Rodriguez"
        }
      },
      {
        "body": "fqi rqti gnfqg mxjfazh cctsce",
        "id": "DJHa6",
        "title": "cyqi nqs mpc vbnpsl kxxdtg dxoubcn kyflb",
        "user": {
          "email": "bdpjm@ugja.net",
          "id": 5,
          "name": "John Clark"
        }
      },
      {
        "body": "fcbyh edtol yuakz qvykoqm",
        "id": "eDK6x",
        "title": "ewn rytnav zidaqqv jhgqhgd oocx lgj frqotdk",
        "user": {
          "email": "iohdt@isgh.int",
          "id": 4,
          "name": "Christopher Davis"
        }
      },
      {
        "body": "qkrpkdb dxrhre jwewso vjsynr vilha rjcgo",
        "id": "sNiq6",
        "title": "olrfd akrwh cstvssd xtgh stj ftscnk",
        "user": {
          "email": "atay@zuwcp.int",
          "id": 8,
          "name": "Amy Garcia"
        }
      },
      {
        "body": "ruyc xjoxzuv aat aqjpap nwzbsr juweka erqhbpo egvvu vrludhf fqyvp cggdk",
        "id": "OZxm8",
        "title": "xpjlfm imgsfzj ldsn kroh zfsn",
        "user": {
          "email": "zpml@pqix.org",
          "id": 6,
          "name": "Daniel Young"
        }
      },
      {
        "body": "fmyr jefozct acxkqwv trzm bhb dtwnt equechp zdi jzhevu",
        "id": "cuZ0e",
        "title": "wkod ger huyit pfu dtp",
        "user": {
          "email": "xzuc@nwzcz.edu",
          "id": 9,
          "name": "Helen Clark"
        }
      },
      {
        "body": "fvdoqfo mwuu coyyll sob tby vkegyjn mvtz gftzgpp vgp dfl xvabtu uguwoej canoypd bkuyc",
        "id": "Q9vR3",
        "title": "hnx iohsga rpz qmqau senq zdwug cqzzjt",
        "user": {
          "email": "iohdt@isgh.int",
          "id": 4,
          "name": "Christopher Davis"
        }
      },
      {
        "body": "jcadr taiearz crwggmr ymhajvl vei mon zslqgik gry ebo hupol",
        "id": "0tmBr",
        "title": "lqtmwj xeeag awscc ytkioe kzr hevjao",
        "user": {
          "email": "xzuc@nwzcz.edu",
          "id": 9,
          "name": "Helen Clark"
        }
      },
      {
        "body": "axl zghpqm ptqgt zzwdhgv",
        "id": "BDH0p",
        "title": "ubzz fje blnkgqy cye ypaou kuoy hqhz cat",
        "user": {
          "email": "xzuc@nwzcz.edu",
          "id": 9,
          "name": "Helen Clark"
        }
      },
      {
        "body": "ieorqc clherv ynmh toso mjqbltd vfdqod gjvcl qyejhjr divduim opgmzcr nccxt donc jfzkdiq oliizt",
        "id": "jejrj",
        "title": "lxa hvkc uhef twsndzr oyk",
        "user": {
          "email": "zkyo@gvegm.cn",
          "id": 3,
          "name": "Richard Lopez"
        }
      },
      {
        "body": "oknr ahqszf mjuua ejuzso slpka tlg",
        "id": "7BeZN",
        "title": "njiyn uxqshs ttnmqb kssli occcnj aoc",
        "user": {
          "email": "jxfrf@xotnh.net",
          "id": 7,
          "name": "Karen Clark"
        }
      },
      {
        "body": "ahmm btnbug hxoztm mhbwiqj pjixb kzyw",
        "id": "3A0T4",
        "title": "ocgibjl xhh prtjjk wfg ssqsdw nxns irgxz ujdw",
        "user": {
          "email": "bdpjm@ugja.net",
          "id": 5,
          "name": "John Clark"
        }
      },
      {
        "body": "cdrm spsy fxdp okq xequse kdx ttctw kwu aejcdlo awe rskh nirc",
        "id": "yfj68",
        "title": "xmj jcmjj axgzgv hhqub ysixijr tntjfwk",
        "user": {
          "email": "jxfrf@xotnh.net",
          "id": 7,
          "name": "Karen Clark"
        }
      },
      {
        "body": "fay uvsswz jgo pmdc bcxsovy tugfq fahcj nhra xcxves bcwuo jftas fdbb ieqjbs",
        "id": "Xvl3a",
        "title": "fkz dprxo rixhz nsms muz ndpke biuij cxn",
        "user": {
          "email": "iohdt@isgh.int",
          "id": 4,
          "name": "Christopher Davis"
        }
      },
      {
        "body": "fxk fjub yxql tsjfm jcbzr lmsfuw aqad",
        "id": "CfEij",
        "title": "jzwu cdrqo plky wpnudz wgdnqyx yobu nlydbw",
        "user": {
          "email": "atay@zuwcp.int",
          "id": 8,
          "name": "Amy Garcia"
        }
      },
      {
        "body": "fww zhyvx fcielw djzv kqct yandp ldozugv thlg xwyfqc xunxqyd",
        "id": "ehQex",
        "title": "blly dhxq amuacz vkhe waxsqgm szbp",
        "user": {
          "email": "xzuc@nwzcz.edu",
          "id": 9,
          "name": "Helen Clark"
        }
      },
      {
        "body": "clruz ggyo kwfg cjghm tjeqgev tcsim qpjz ljgln awe yaj fqdds ktc mmunual nffppb ceyj",
        "id": "Ddi69",
        "title": "nfrwgp abpkjy mev bbmufo gtyfvd hjke ibs",
        "user": {
          "email": "xzuc@nwzcz.edu",
          "id": 9,
          "name": "Helen Clark"
        }
      },
      {
        "body": "ossk gfw azged fnqof mao kjcntkn dbftit sudwkl",
        "id": "dkzPP",
        "title": "aup ovnwcm pffebc wder aabdx xkshmq byi jeaz",
        "user": {
          "email": "xzuc@nwzcz.edu",
          "id": 9,
          "name": "Helen Clark"
        }
      },
      {
        "body": "acqqm vgohim pmwacs pbrbcrz enwz wfacfjx lnhzq tpbtpr yhiy yslmuo nnluyj",
        "id": "n6NJv",
        "title": "bhlejm zth tirvx wfvna mjojpde oqvzo",
        "user": {
          "email": "bdpjm@ugja.net",
          "id": 5,
          "name": "John Clark"
        }
      },
      {
        "body": "ygioyr psvyb voxqbs rowmdw gvyad ulxur",
        "id": "PZ9hI",
        "title": "dsv mdgiipp pcvi xuor wfjs idbk tlglegc",
        "user": {
          "email": "nnkd@doxmj.com",
          "id": 2,
          "name": "William Rodriguez"
        }
      },
      {
        "body": "olkest fft gystv cezphos ldvcs sihxtu ujsqgiq qdb fdmo sxkqa zfzwq fxx zxau odpie",
        "id": "819dE",
        "title": "zkf noecln odd srj wfcommy lfngxpt jxfb",
        "user": {
          "email": "zkyo@gvegm.cn",
          "id": 3,
          "name": "Richard Lopez"
        }
      },
      {
        "body": "wmhme qwloe jnxzfq oxi yfojypm fajxi zwtkw ggp mtguh xzfeu rresrf wuu tvasu slbfnqg",
        "id": "pXAVq",
        "title": "rfbxriw niqsehn lwwi niid moeecg shf dsui",
        "user": {
          "email": "zkyo@gvegm.cn",
          "id": 3,
          "name": "Richard Lopez"
        }
      },
      {
        "body": "dzhbxi uya xmvmyl ifhprkl yuk iddkjy dela qjqoir begh etd mqavsgq uhhm bomo",
        "id": "gQMCV",
        "title": "ctyplf drjp svff zopvw txdtb",
        "user": {
          "email": "iohdt@isgh.int",
          "id": 4,
          "name": "Christopher Davis"
        }
      },
      {
        "body": "ymayo lkid gqgaxk sxiquk jsf ljoosew eoqlx ijlfakq ltdro ysy xldtr ckarlp jdvwor dcl",
        "id": "rZbZ9",
        "title": "lwyhxb mvkgole jnw eqbnmm fxuxkym elrfmn",
        "user": {
          "email": "zpml@pqix.org",
          "id": 6,
          "name": "Daniel Young"
        }
      },
      {
        "body": "lxdsbwl ufsqhwt ponaqik zsnhw uwle yxzepr nfitot kcbw fbcbae bqillr czurosd zpelurf phfcejv",
        "id": "LnBZo",
        "title": "ucuxon glbszu sqmerr uxrgqsz ribpjm yulagt",
        "user": {
          "email": "xzuc@nwzcz.edu",
          "id": 9,
          "name": "Helen Clark"
        }
      },
      {
        "body": "tsnxoz rxoty ghv uvv aoxpb jxougj gbelh cmabft oyv rwostt wiw yxwann",
        "id": "SXUYa",
        "title": "fqbxy xpttxec qzndfgd wjjvw qyhjkuj mjyufl brvk",
        "user": {
          "email": "bdpjm@ugja.net",
          "id": 5,
          "name": "John Clark"
        }
      },
      {
        "body": "rndr ykgy dgjfr loih untyrc dlvuzu pjjwwh yuprd vwjkahz",
        "id": "4XeGa",
        "title": "qhx ytgzoel lxy cxhtvp tskgy ysirbo",
        "user": {
          "email": "atay@zuwcp.int",
          "id": 8,
          "name": "Amy Garcia"
        }
      },
      {
        "body": "dvdtfl xsin ovpmav mnqgje kyftxip pxle uae",
        "id": "NK0YN",
        "title": "xzzvj dwfsvcb fzb qfld vcyc ityfhkv irnxug mttfp",
        "user": {
          "email": "jxfrf@xotnh.net",
          "id": 7,
          "name": "Karen Clark"
        }
      },
      {
        "body": "otudm ulzb asbhvt roavlx doajv evaqa cehbgyt gpjwxi fzrsieu",
        "id": "qnm8I",
        "title": "xkxeea qjpmjg vrcqlz dahxeol aenga pczkaf eckr nfhdrzs",
        "user": {
          "email": "bdpjm@ugja.net",
          "id": 5,
          "name": "John Clark"
        }
      },
      {
        "body": "bsfcqe qbzkc qajl otcbhkk zvjcaok eea vsmv jvu gzpt lqcfl uzz xduyzg hrlw",
        "id": "irVSW",
        "title": "heyo xmugz lvw ehdf ppxassi",
        "user": {
          "email": "jxfrf@xotnh.net",
          "id": 7,
          "name": "Karen Clark"
        }
      }
    ]
  }
}
